[yenerator.com/index.html]
[backblue.gif]
[fade.gif]
[index.html]
[yenerator.com/fav/apple-icon-57x57.png]
[yenerator.com/fav/apple-icon-60x60.png]
[yenerator.com/fav/apple-icon-72x72.png]
[yenerator.com/fav/apple-icon-76x76.png]
[yenerator.com/fav/apple-icon-114x114.png]
[yenerator.com/fav/apple-icon-120x120.png]
[yenerator.com/fav/apple-icon-144x144.png]
[yenerator.com/fav/apple-icon-152x152.png]
[yenerator.com/fav/apple-icon-180x180.png]
[yenerator.com/fav/android-icon-192x192.png]
[yenerator.com/fav/favicon-32x32.png]
[yenerator.com/fav/favicon-96x96.png]
[yenerator.com/fav/favicon-16x16.png]
[yenerator.com/fav/manifest.json]
[yenerator.com/fav/ms-icon-144x144.png]
[yenerator.com/img/social.jpg]
[yenerator.com/css/style.css]
[yenerator.com/img/blnak1.jpg]
[yenerator.com/img/apple-music.svg]
[yenerator.com/img/spotify.svg]
[yenerator.com/img/tidal.svg]
[yenerator.com/img/itunes.svg]
[yenerator.com/img/google-play.svg]
[yenerator.com/img/amazon.svg]
[yenerator.com/img/pandora.svg]
[yenerator.com/img/soundcloud.svg]
[yenerator.com/img/deezer.svg]
[code.jquery.com/jquery-3.3.1.slim.min.js]
[yenerator.com/js/html2canvas.min.js]
[yenerator.com/js/FileSaver.min.js]
[yenerator.com/js/ye-gen.min.js]
[yenerator.com/index.html]
[yenerator.com/css/YungJakesNewHandwriting-Regular.ttf]
[yenerator.com/css/style.css]
[yenerator.com/img/apple-music.svg]
[yenerator.com/img/spotify.svg]
[yenerator.com/img/tidal.svg]
[yenerator.com/img/itunes.svg]
[yenerator.com/img/google-play.svg]
[yenerator.com/img/amazon.svg]
[yenerator.com/img/pandora.svg]
[yenerator.com/img/soundcloud.svg]
[yenerator.com/img/deezer.svg]
